// Jest Snapshot v1, https://goo.gl/fbAQLP

exports[`placeholder тесты для асинхронной функции should first 1`] = `
[
  "1",
  "2",
  "3",
]
`;
